[backblue.gif]
[fade.gif]
[index.html]
[preview.tabler.io/favicon-dev.ico]
[preview.tabler.io/static/avatars/000m.jpg]
[preview.tabler.io/static/avatars/052f.jpg]
[preview.tabler.io/static/avatars/002m.jpg]
[preview.tabler.io/static/avatars/003m.jpg]
[preview.tabler.io/static/avatars/000f.jpg]
[preview.tabler.io/static/avatars/001f.jpg]
[preview.tabler.io/static/avatars/004m.jpg]
[preview.tabler.io/static/avatars/002f.jpg]
[preview.tabler.io/static/avatars/003f.jpg]
[preview.tabler.io/static/avatars/063m.jpg]
[preview.tabler.io/static/avatars/006m.jpg]
[preview.tabler.io/static/avatars/004f.jpg]
[preview.tabler.io/static/avatars/007m.jpg]
[preview.tabler.io/static/avatars/009m.jpg]
[preview.tabler.io/static/avatars/010m.jpg]
[preview.tabler.io/static/avatars/005f.jpg]
[preview.tabler.io/static/avatars/006f.jpg]
[preview.tabler.io/static/avatars/008f.jpg]
[preview.tabler.io/static/avatars/009f.jpg]
[preview.tabler.io/static/avatars/010f.jpg]
[preview.tabler.io/static/avatars/011m.jpg]
[preview.tabler.io/static/avatars/012m.jpg]
[preview.tabler.io/static/avatars/011f.jpg]
[preview.tabler.io/static/avatars/012f.jpg]
[preview.tabler.io/static/avatars/013m.jpg]
[preview.tabler.io/static/avatars/013f.jpg]
[preview.tabler.io/static/avatars/015f.jpg]
[preview.tabler.io/static/avatars/016f.jpg]
[preview.tabler.io/static/avatars/015m.jpg]
[preview.tabler.io/static/avatars/017f.jpg]
[preview.tabler.io/static/avatars/018f.jpg]
[preview.tabler.io/static/avatars/016m.jpg]
[preview.tabler.io/static/avatars/019f.jpg]
[preview.tabler.io/static/avatars/017m.jpg]
[preview.tabler.io/static/avatars/018m.jpg]
[preview.tabler.io/static/avatars/019m.jpg]
[preview.tabler.io/static/avatars/020m.jpg]
[preview.tabler.io/index.html]
[preview.tabler.io/dist/libs/jsvectormap/dist/jsvectormap.css]
[preview.tabler.io/dist/css/tabler.css]
[preview.tabler.io/dist/css/tabler-flags.css]
[preview.tabler.io/dist/css/tabler-socials.css]
[preview.tabler.io/dist/css/tabler-payments.css]
[preview.tabler.io/dist/css/tabler-vendors.css]
[preview.tabler.io/dist/css/tabler-marketing.css]
[preview.tabler.io/dist/css/tabler-themes.css]
[preview.tabler.io/preview/css/demo.css]
[preview.tabler.io/dist/js/tabler-theme.js]
[preview.tabler.io/error-404.html]
[preview.tabler.io/static/photos/blue-sofa-with-pillows-in-a-designer-living-room-interior.jpg]
[preview.tabler.io/static/photos/home-office-desk-with-macbook-iphone-calendar-watch-and-organizer.jpg]
[preview.tabler.io/static/photos/young-woman-working-in-a-cafe.jpg]
[preview.tabler.io/profile.html]
[preview.tabler.io/settings.html]
[preview.tabler.io/sign-in.html]
[preview.tabler.io/index-2.html]
[preview.tabler.io/dashboard-crypto.html]
[preview.tabler.io/dashboard-crm.html]
[preview.tabler.io/all-elements.html]
[preview.tabler.io/accordion.html]
[preview.tabler.io/alerts.html]
[preview.tabler.io/sign-in-link.html]
[preview.tabler.io/sign-in-illustration.html]
[preview.tabler.io/static/photos/finances-us-dollars-and-bitcoins-currency-money-2.jpg]
[preview.tabler.io/sign-in-cover.html]
[preview.tabler.io/sign-up.html]
[preview.tabler.io/forgot-password.html]
[preview.tabler.io/terms-of-service.html]
[preview.tabler.io/auth-lock.html]
[preview.tabler.io/onboarding.html]
[preview.tabler.io/2-step-verification.html]
[preview.tabler.io/2-step-verification-code.html]
[preview.tabler.io/avatars.html]
[preview.tabler.io/badges.html]
[preview.tabler.io/blank.html]
[preview.tabler.io/buttons.html]
[preview.tabler.io/static/photos/beautiful-blonde-woman-relaxing-with-a-can-of-coke-on-a-tree-stump-by-the-beach.jpg]
[preview.tabler.io/cards.html]
[preview.tabler.io/static/photos/finances-us-dollars-and-bitcoins-currency-money.jpg]
[preview.tabler.io/card-actions.html]
[preview.tabler.io/card-gradients.html]
[preview.tabler.io/cards-masonry.html]
[preview.tabler.io/static/photos/brainstorming-session-with-creative-designers.jpg]
[preview.tabler.io/static/photos/group-of-people-brainstorming-and-taking-notes-2.jpg]
[preview.tabler.io/static/photos/everything-you-need-to-work-from-your-bed.jpg]
[preview.tabler.io/static/photos/young-entrepreneur-working-from-a-modern-cafe.jpg]
[preview.tabler.io/static/photos/group-of-people-sightseeing-in-the-city.jpg]
[preview.tabler.io/static/photos/color-palette-guide-sample-colors-catalog-.jpg]
[preview.tabler.io/static/photos/stylish-workplace-with-computer-at-home.jpg]
[preview.tabler.io/static/photos/pink-desk-in-the-home-office.jpg]
[preview.tabler.io/static/photos/young-woman-sitting-on-the-sofa-and-working-on-her-laptop.jpg]
[preview.tabler.io/static/photos/coffee-on-a-table-with-other-items.jpg]
[preview.tabler.io/static/photos/young-entrepreneur-working-from-a-modern-cafe-2.jpg]
[preview.tabler.io/static/photos/soft-photo-of-woman-on-the-bed-with-the-book-and-cup-of-coffee-in-hands.jpg]
[preview.tabler.io/static/photos/fairy-lights-at-the-beach-in-bulgaria.jpg]
[preview.tabler.io/static/photos/woman-working-on-laptop-at-home-office.jpg]
[preview.tabler.io/static/photos/modern-home-office.jpg]
[preview.tabler.io/static/photos/blond-using-her-laptop-at-her-bedroom.jpg]
[preview.tabler.io/static/photos/tropical-palm-leaves-floral-pattern-background.jpg]
[preview.tabler.io/static/photos/woman-read-book-and-drink-coffee.jpg]
[preview.tabler.io/static/photos/book-on-the-grass.jpg]
[preview.tabler.io/static/photos/colorful-exotic-flowers-and-greenery.jpg]
[preview.tabler.io/static/photos/workplace-with-laptop-on-table-at-home.jpg]
[preview.tabler.io/static/photos/city-lights-reflected-in-the-water-at-night.jpg]
[preview.tabler.io/static/photos/cryptocurrency-bitcoin-coins.jpg]
[preview.tabler.io/static/photos/woman-read-book-and-drink-coffee-2.jpg]
[preview.tabler.io/static/photos/friends-at-a-restaurant-drinking-wine.jpg]
[preview.tabler.io/static/photos/beautiful-blonde-woman-on-a-wooden-pier-by-the-lake.jpg]
[preview.tabler.io/static/photos/white-apple-imac-computer-with-elephant-mousepad.jpg]
[preview.tabler.io/static/photos/workplace-with-laptop-on-table-at-home-2.jpg]
[preview.tabler.io/carousel.html]
[preview.tabler.io/static/photos/working-in-a-restaurant-macbook-cheese-cake-and-cup-of-coffee.jpg]
[preview.tabler.io/colors.html]
[preview.tabler.io/datagrid.html]
[preview.tabler.io/dropdowns.html]
[preview.tabler.io/error-405.html]
[preview.tabler.io/error-500.html]
[preview.tabler.io/error-maintenance.html]
[preview.tabler.io/static/avatars/024m.jpg]
[preview.tabler.io/static/avatars/021m.jpg]
[preview.tabler.io/static/avatars/022f.jpg]
[preview.tabler.io/static/avatars/025m.jpg]
[preview.tabler.io/static/avatars/021f.jpg]
[preview.tabler.io/static/avatars/020f.jpg]
[preview.tabler.io/static/avatars/026m.jpg]
[preview.tabler.io/static/avatars/022m.jpg]
[preview.tabler.io/lists.html]
[preview.tabler.io/static/avatars/023m.jpg]
[preview.tabler.io/modals.html]
[preview.tabler.io/static/photos/cup-of-coffee-and-an-open-book.jpg]
[preview.tabler.io/prose.html]
[preview.tabler.io/navigation.html]
[preview.tabler.io/offcanvas.html]
[preview.tabler.io/pagination.html]
[preview.tabler.io/patterns.html]
[preview.tabler.io/placeholder.html]
[preview.tabler.io/progress.html]
[preview.tabler.io/segmented-control.html]
[preview.tabler.io/scroll-spy.html]
[preview.tabler.io/social-icons.html]
[preview.tabler.io/stars-rating.html]
[preview.tabler.io/steps.html]
[preview.tabler.io/tables.html]
[preview.tabler.io/tabs.html]
[preview.tabler.io/tags.html]
[preview.tabler.io/toasts.html]
[preview.tabler.io/tracking.html]
[preview.tabler.io/typography.html]
[preview.tabler.io/form-elements.html]
[preview.tabler.io/form-layout.html]
[preview.tabler.io/activity.html]
[preview.tabler.io/chat.html]
[preview.tabler.io/email-inbox.html]
[preview.tabler.io/cookie-banner.html]
[preview.tabler.io/empty.html]
[preview.tabler.io/faq.html]
[preview.tabler.io/gallery.html]
[preview.tabler.io/invoice.html]
[preview.tabler.io/pay.html]
[preview.tabler.io/static/bg-cover.jpg]
[preview.tabler.io/static/jobs/job-1.jpg]
[preview.tabler.io/static/jobs/job-2.png]
[preview.tabler.io/static/jobs/job-3.png]
[preview.tabler.io/static/jobs/job-4.png]
[preview.tabler.io/static/jobs/job-5.png]
[preview.tabler.io/static/jobs/job-6.png]
[preview.tabler.io/static/jobs/job-7.png]
[preview.tabler.io/static/jobs/job-8.png]
[preview.tabler.io/static/jobs/job-9.jpg]
[preview.tabler.io/job-listing.html]
[preview.tabler.io/license.html]
[preview.tabler.io/logs.html]
[preview.tabler.io/marketing/error-404.html]
[preview.tabler.io/static/tracks/a4fb1d293bd8d3fd38352418c50fcf1369a7a87d.jpg]
[preview.tabler.io/static/tracks/f04bb6fba32e89475d9981007aff21e13745dec2.jpg]
[preview.tabler.io/static/tracks/c3f13b4f7a674abda9aa36fd72fa341e918c0f26.jpg]
[preview.tabler.io/static/tracks/4d4ab714dfca7b9df41d4a02a2c39394ebdeb6b6.jpg]
[preview.tabler.io/static/tracks/79b2422b467ad20c07576e8f8f5f2f1692ac7142.jpg]
[preview.tabler.io/static/tracks/aac97056fc02fe02c7e95f7ff77a07c6e82f7d6e.jpg]
[preview.tabler.io/static/tracks/859337f0eaa49b1ad6ed76719b7c1ae26d6412c8.jpg]
[preview.tabler.io/static/tracks/2e7357491deb8a6796ee8d9181ca9ea1f407bb5f.jpg]
[preview.tabler.io/static/tracks/c976bfc96d5e44820e553a16a6097cd02a61fd2f.jpg]
[preview.tabler.io/static/tracks/c9a8350feee77e9345eec4155cddc96694803d1a.jpg]
[preview.tabler.io/static/tracks/fe4ee21d30450829e5b172e806b3c1e14ca1e5f3.jpg]
[preview.tabler.io/static/tracks/f4e96086f44c4dff1758b1fc1338cd88c1b5ce9c.jpg]
[preview.tabler.io/static/tracks/73f4938130140174efb1cc0a82ececb277e40932.jpg]
[preview.tabler.io/static/tracks/cfb2a532996512eff95c4b0d566d067384aaa441.jpg]
[preview.tabler.io/music.html]
[preview.tabler.io/page-loader.html]
[preview.tabler.io/static/photos/finances-us-dollars-and-bitcoins-currency-money-3.jpg]
[preview.tabler.io/static/photos/elegant-home-office-with-golden-accessories.jpg]
[preview.tabler.io/static/photos/contemporary-black-and-white-home-decor.jpg]
[preview.tabler.io/photogrid.html]
[preview.tabler.io/pricing.html]
[preview.tabler.io/pricing-table.html]
[preview.tabler.io/search-results.html]
[preview.tabler.io/settings-plan.html]
[preview.tabler.io/signatures.html]
[preview.tabler.io/static/projects/dashboard-1.png]
[preview.tabler.io/static/projects/dashboard-3.png]
[preview.tabler.io/tasks.html]
[preview.tabler.io/static/projects/dashboard-2.png]
[preview.tabler.io/tasks-list.html]
[preview.tabler.io/text-features.html]
[preview.tabler.io/static/avatars/035f.jpg]
[preview.tabler.io/trial-ended.html]
[preview.tabler.io/uptime.html]
[preview.tabler.io/users.html]
[preview.tabler.io/widgets.html]
[preview.tabler.io/wizard.html]
[preview.tabler.io/layout-boxed.html]
[preview.tabler.io/layout-condensed.html]
[preview.tabler.io/layout-fluid.html]
[preview.tabler.io/layout-fluid-vertical.html]
[preview.tabler.io/layout-horizontal.html]
[preview.tabler.io/layout-navbar-dark.html]
[preview.tabler.io/layout-navbar-overlap.html]
[preview.tabler.io/layout-navbar-sticky.html]
[preview.tabler.io/layout-vertical-right.html]
[preview.tabler.io/layout-rtl.html]
[preview.tabler.io/layout-vertical.html]
[preview.tabler.io/layout-vertical-transparent.html]
[preview.tabler.io/layout-folded.html]
[preview.tabler.io/layout-folded-hover.html]
[preview.tabler.io/charts.html]
[preview.tabler.io/charts-advanced.html]
[preview.tabler.io/colorpicker.html]
[preview.tabler.io/datatables.html]
[preview.tabler.io/dropzone.html]
[preview.tabler.io/sortable.html]
[preview.tabler.io/fullcalendar.html]
[preview.tabler.io/inline-player.html]
[preview.tabler.io/static/photos/young-woman-sitting-on-the-sofa-and-working-on-her-laptop-2.jpg]
[preview.tabler.io/static/photos/brainstorming-session-with-creative-designers-2.jpg]
[preview.tabler.io/static/photos/woman-drinking-hot-tea-in-her-home-office.jpg]
[preview.tabler.io/static/photos/stylish-workspace-with-macbook-pro.jpg]
[preview.tabler.io/static/photos/people-by-a-banquet-table-full-with-food.jpg]
[preview.tabler.io/static/photos/woman-working-on-a-laptop-while-enjoying-a-breakfast-coffee-and-chocolate-in-bed.jpg]
[preview.tabler.io/static/photos/businesswoman-working-at-her-laptop.jpg]
[preview.tabler.io/static/photos/finances-us-dollars-and-bitcoins-currency-money-5.jpg]
[preview.tabler.io/static/photos/cup-of-coffee-on-table-in-cafe.jpg]
[preview.tabler.io/static/photos/young-woman-sitting-on-the-sofa-and-working-on-her-laptop-3.jpg]
[preview.tabler.io/static/photos/man-looking-out-to-sea.jpg]
[preview.tabler.io/static/photos/cup-of-coffee-on-table-in-cafe-2.jpg]
[preview.tabler.io/static/photos/workplace-with-laptop-on-table-at-home-3.jpg]
[preview.tabler.io/static/photos/businesswoman-working-at-her-laptop-2.jpg]
[preview.tabler.io/static/photos/group-of-people-brainstorming-and-taking-notes-4.jpg]
[preview.tabler.io/static/photos/young-woman-sitting-on-the-sofa-and-working-on-her-laptop-4.jpg]
[preview.tabler.io/static/photos/making-magic-with-fairy-lights.jpg]
[preview.tabler.io/static/photos/woman-working-on-a-laptop-while-enjoying-a-breakfast-coffee-and-chocolate-in-bed-2.jpg]
[preview.tabler.io/static/photos/woman-drinking-tea-and-reading-book.jpg]
[preview.tabler.io/static/photos/a-woman-works-at-a-desk-with-a-laptop-and-a-cup-of-coffee.jpg]
[preview.tabler.io/static/photos/everything-you-need-to-work-from-your-bed-2.jpg]
[preview.tabler.io/static/photos/workplace-with-laptop-on-table-at-home-4.jpg]
[preview.tabler.io/static/photos/stylish-workspace-with-macbook-pro-2.jpg]
[preview.tabler.io/static/photos/netflix-drug-lords-from-narcos.jpg]
[preview.tabler.io/static/photos/stone-texture-high-resolution-background-2.jpg]
[preview.tabler.io/static/photos/a-visit-to-the-bookstore.jpg]
[preview.tabler.io/static/photos/books-and-purple-flowers-on-a-wooden-stool-by-the-bed.jpg]
[preview.tabler.io/static/photos/people-watching-a-presentation-in-a-room.jpg]
[preview.tabler.io/static/photos/home-office-laptop-organizer-and-cup-of-coffee.jpg]
[preview.tabler.io/lightbox.html]
[preview.tabler.io/maps.html]
[preview.tabler.io/map-fullsize.html]
[preview.tabler.io/maps-vector.html]
[preview.tabler.io/tour.html]
[preview.tabler.io/wysiwyg.html]
[preview.tabler.io/icons.html]
[preview.tabler.io/static/emails/absence.jpg]
[preview.tabler.io/static/emails/access-token.jpg]
[preview.tabler.io/static/emails/account-deleted.jpg]
[preview.tabler.io/static/emails/activities.jpg]
[preview.tabler.io/static/emails/blog-post.jpg]
[preview.tabler.io/static/emails/calendar.jpg]
[preview.tabler.io/static/emails/changelog.jpg]
[preview.tabler.io/static/emails/collection.jpg]
[preview.tabler.io/static/emails/company-email.jpg]
[preview.tabler.io/static/emails/conference.jpg]
[preview.tabler.io/static/emails/confirm-email.jpg]
[preview.tabler.io/static/emails/confirmation.jpg]
[preview.tabler.io/static/emails/deployment-failed.jpg]
[preview.tabler.io/static/emails/domain-configuration.jpg]
[preview.tabler.io/static/emails/download.jpg]
[preview.tabler.io/static/emails/empty.jpg]
[preview.tabler.io/static/emails/error.jpg]
[preview.tabler.io/static/emails/event-invitation.jpg]
[preview.tabler.io/static/emails/featured-photo.jpg]
[preview.tabler.io/static/emails/features.jpg]
[preview.tabler.io/static/emails/features-2.jpg]
[preview.tabler.io/static/emails/features-3.jpg]
[preview.tabler.io/static/emails/footer-1.jpg]
[preview.tabler.io/static/emails/footer-2.jpg]
[preview.tabler.io/static/emails/footer-3.jpg]
[preview.tabler.io/static/emails/footer-4.jpg]
[preview.tabler.io/static/emails/friend-request.jpg]
[preview.tabler.io/static/emails/gdpr.jpg]
[preview.tabler.io/static/emails/help.jpg]
[preview.tabler.io/static/emails/invitation.jpg]
[preview.tabler.io/static/emails/invitation-2.jpg]
[preview.tabler.io/static/emails/invoice.jpg]
[preview.tabler.io/static/emails/last-conversation.jpg]
[preview.tabler.io/static/emails/license.jpg]
[preview.tabler.io/static/emails/magic-link.jpg]
[preview.tabler.io/static/emails/message.jpg]
[preview.tabler.io/static/emails/missing-order.jpg]
[preview.tabler.io/static/emails/new-app.jpg]
[preview.tabler.io/static/emails/new-photos.jpg]
[preview.tabler.io/static/emails/newsletter.jpg]
[preview.tabler.io/static/emails/off-deals.jpg]
[preview.tabler.io/static/emails/offer.jpg]
[preview.tabler.io/static/emails/order.jpg]
[preview.tabler.io/static/emails/otp-code.jpg]
[preview.tabler.io/static/emails/password.jpg]
[preview.tabler.io/static/emails/payment.jpg]
[preview.tabler.io/static/emails/popular-posts.jpg]
[preview.tabler.io/static/emails/post.jpg]
[preview.tabler.io/static/emails/pricing.jpg]
[preview.tabler.io/static/emails/product-available.jpg]
[preview.tabler.io/static/emails/progress.jpg]
[preview.tabler.io/static/emails/projects.jpg]
[preview.tabler.io/static/emails/promo-code.jpg]
[preview.tabler.io/static/emails/promotions.jpg]
[preview.tabler.io/static/emails/promotions-2.jpg]
[preview.tabler.io/static/emails/register.jpg]
[preview.tabler.io/static/emails/reminder.jpg]
[preview.tabler.io/static/emails/repo-stats.jpg]
[preview.tabler.io/static/emails/review.jpg]
[preview.tabler.io/static/emails/sale.jpg]
[preview.tabler.io/static/emails/schedule.jpg]
[preview.tabler.io/static/emails/security-alert.jpg]
[preview.tabler.io/static/emails/shipped.jpg]
[preview.tabler.io/static/emails/stats.jpg]
[preview.tabler.io/static/emails/stats-2.jpg]
[preview.tabler.io/static/emails/subscribe.jpg]
[preview.tabler.io/static/emails/subscription.jpg]
[preview.tabler.io/static/emails/survey.jpg]
[preview.tabler.io/static/emails/survey-emoji.jpg]
[preview.tabler.io/static/emails/todo.jpg]
[preview.tabler.io/static/emails/top-comments.jpg]
[preview.tabler.io/static/emails/ui-colors.jpg]
[preview.tabler.io/static/emails/ui-grid.jpg]
[preview.tabler.io/static/emails/ui-typography.jpg]
[preview.tabler.io/static/emails/uptime-report.jpg]
[preview.tabler.io/static/emails/valentines-1.jpg]
[preview.tabler.io/static/emails/valentines-2.jpg]
[preview.tabler.io/static/emails/visitors-map.jpg]
[preview.tabler.io/static/emails/welcome.jpg]
[preview.tabler.io/emails.html]
[preview.tabler.io/static/emails/wishlist.jpg]
[preview.tabler.io/flags.html]
[preview.tabler.io/static/illustrations/light/2fa.png]
[preview.tabler.io/static/illustrations/dark/2fa.png]
[preview.tabler.io/static/illustrations/light/3d-scan.png]
[preview.tabler.io/static/illustrations/dark/3d-scan.png]
[preview.tabler.io/static/illustrations/light/403.png]
[preview.tabler.io/static/illustrations/dark/403.png]
[preview.tabler.io/static/illustrations/light/429.png]
[preview.tabler.io/static/illustrations/dark/429.png]
[preview.tabler.io/static/illustrations/light/500.png]
[preview.tabler.io/static/illustrations/dark/500.png]
[preview.tabler.io/static/illustrations/light/504.png]
[preview.tabler.io/static/illustrations/dark/504.png]
[preview.tabler.io/static/illustrations/light/ai.png]
[preview.tabler.io/static/illustrations/dark/ai.png]
[preview.tabler.io/static/illustrations/light/api.png]
[preview.tabler.io/static/illustrations/dark/api.png]
[preview.tabler.io/static/illustrations/light/archive.png]
[preview.tabler.io/static/illustrations/dark/archive.png]
[preview.tabler.io/static/illustrations/light/bad-news.png]
[preview.tabler.io/static/illustrations/dark/bad-news.png]
[preview.tabler.io/static/illustrations/light/bees.png]
[preview.tabler.io/static/illustrations/dark/bees.png]
[preview.tabler.io/static/illustrations/light/bicycle.png]
[preview.tabler.io/static/illustrations/dark/bicycle.png]
[preview.tabler.io/static/illustrations/light/boy-and-cat.png]
[preview.tabler.io/static/illustrations/dark/boy-and-cat.png]
[preview.tabler.io/static/illustrations/light/boy-and-laptop.png]
[preview.tabler.io/static/illustrations/dark/boy-and-laptop.png]
[preview.tabler.io/static/illustrations/light/boy-girl.png]
[preview.tabler.io/static/illustrations/dark/boy-girl.png]
[preview.tabler.io/static/illustrations/light/boy-gives-flowers.png]
[preview.tabler.io/static/illustrations/dark/boy-gives-flowers.png]
[preview.tabler.io/static/illustrations/light/boy-refresh.png]
[preview.tabler.io/static/illustrations/dark/boy-refresh.png]
[preview.tabler.io/static/illustrations/light/boy-with-key.png]
[preview.tabler.io/static/illustrations/dark/boy-with-key.png]
[preview.tabler.io/static/illustrations/light/boy.png]
[preview.tabler.io/static/illustrations/dark/boy.png]
[preview.tabler.io/static/illustrations/light/building.png]
[preview.tabler.io/static/illustrations/dark/building.png]
[preview.tabler.io/static/illustrations/light/butterflies.png]
[preview.tabler.io/static/illustrations/dark/butterflies.png]
[preview.tabler.io/static/illustrations/light/calendar.png]
[preview.tabler.io/static/illustrations/dark/calendar.png]
[preview.tabler.io/static/illustrations/light/camping.png]
[preview.tabler.io/static/illustrations/dark/camping.png]
[preview.tabler.io/static/illustrations/light/carolers.png]
[preview.tabler.io/static/illustrations/dark/carolers.png]
[preview.tabler.io/static/illustrations/light/cat.png]
[preview.tabler.io/static/illustrations/dark/cat.png]
[preview.tabler.io/static/illustrations/light/chart-circle.png]
[preview.tabler.io/static/illustrations/dark/chart-circle.png]
[preview.tabler.io/static/illustrations/light/chart.png]
[preview.tabler.io/static/illustrations/dark/chart.png]
[preview.tabler.io/static/illustrations/light/chatbot.png]
[preview.tabler.io/static/illustrations/dark/chatbot.png]
[preview.tabler.io/static/illustrations/light/chill-sofa.png]
[preview.tabler.io/static/illustrations/dark/chill-sofa.png]
[preview.tabler.io/static/illustrations/light/chill.png]
[preview.tabler.io/static/illustrations/dark/chill.png]
[preview.tabler.io/static/illustrations/light/christmas-fireplace.png]
[preview.tabler.io/static/illustrations/dark/christmas-fireplace.png]
[preview.tabler.io/static/illustrations/light/christmas-gifts.png]
[preview.tabler.io/static/illustrations/dark/christmas-gifts.png]
[preview.tabler.io/static/illustrations/light/christmas-tree-2.png]
[preview.tabler.io/static/illustrations/dark/christmas-tree-2.png]
[preview.tabler.io/static/illustrations/light/christmas-tree.png]
[preview.tabler.io/static/illustrations/dark/christmas-tree.png]
[preview.tabler.io/static/illustrations/light/cleaning.png]
[preview.tabler.io/static/illustrations/dark/cleaning.png]
[preview.tabler.io/static/illustrations/light/clock-and-cat.png]
[preview.tabler.io/static/illustrations/dark/clock-and-cat.png]
[preview.tabler.io/static/illustrations/light/cloud.png]
[preview.tabler.io/static/illustrations/dark/cloud.png]
[preview.tabler.io/static/illustrations/light/computer-fix.png]
[preview.tabler.io/static/illustrations/dark/computer-fix.png]
[preview.tabler.io/static/illustrations/light/contract.png]
[preview.tabler.io/static/illustrations/dark/contract.png]
[preview.tabler.io/static/illustrations/light/conversation.png]
[preview.tabler.io/static/illustrations/dark/conversation.png]
[preview.tabler.io/static/illustrations/light/dance.png]
[preview.tabler.io/static/illustrations/dark/dance.png]
[preview.tabler.io/static/illustrations/light/dark-mode.png]
[preview.tabler.io/static/illustrations/dark/dark-mode.png]
[preview.tabler.io/static/illustrations/light/dart.png]
[preview.tabler.io/static/illustrations/dark/dart.png]
[preview.tabler.io/static/illustrations/light/delivery.png]
[preview.tabler.io/static/illustrations/dark/delivery.png]
[preview.tabler.io/static/illustrations/light/detective.png]
[preview.tabler.io/static/illustrations/dark/detective.png]
[preview.tabler.io/static/illustrations/light/device-security.png]
[preview.tabler.io/static/illustrations/dark/device-security.png]
[preview.tabler.io/static/illustrations/light/discount.png]
[preview.tabler.io/static/illustrations/dark/discount.png]
[preview.tabler.io/static/illustrations/light/download.png]
[preview.tabler.io/static/illustrations/dark/download.png]
[preview.tabler.io/static/illustrations/light/easter-bunny.png]
[preview.tabler.io/static/illustrations/dark/easter-bunny.png]
[preview.tabler.io/static/illustrations/light/easter-chicken.png]
[preview.tabler.io/static/illustrations/dark/easter-chicken.png]
[preview.tabler.io/static/illustrations/light/easter-egg.png]
[preview.tabler.io/static/illustrations/dark/easter-egg.png]
[preview.tabler.io/static/illustrations/light/easter-eggs.png]
[preview.tabler.io/static/illustrations/dark/easter-eggs.png]
[preview.tabler.io/static/illustrations/light/electric-scooter.png]
[preview.tabler.io/static/illustrations/dark/electric-scooter.png]
[preview.tabler.io/static/illustrations/light/email.png]
[preview.tabler.io/static/illustrations/dark/email.png]
[preview.tabler.io/static/illustrations/light/error.png]
[preview.tabler.io/static/illustrations/dark/error.png]
[preview.tabler.io/static/illustrations/light/exit.png]
[preview.tabler.io/static/illustrations/dark/exit.png]
[preview.tabler.io/static/illustrations/light/fingerprint.png]
[preview.tabler.io/static/illustrations/dark/fingerprint.png]
[preview.tabler.io/static/illustrations/light/flowers.png]
[preview.tabler.io/static/illustrations/dark/flowers.png]
[preview.tabler.io/static/illustrations/light/folders.png]
[preview.tabler.io/static/illustrations/dark/folders.png]
[preview.tabler.io/static/illustrations/light/game.png]
[preview.tabler.io/static/illustrations/dark/game.png]
[preview.tabler.io/static/illustrations/light/gardening.png]
[preview.tabler.io/static/illustrations/dark/gardening.png]
[preview.tabler.io/static/illustrations/light/ghost-2.png]
[preview.tabler.io/static/illustrations/dark/ghost-2.png]
[preview.tabler.io/static/illustrations/light/ghost.png]
[preview.tabler.io/static/illustrations/dark/ghost.png]
[preview.tabler.io/static/illustrations/light/gift.png]
[preview.tabler.io/static/illustrations/dark/gift.png]
[preview.tabler.io/static/illustrations/light/girl-phone.png]
[preview.tabler.io/static/illustrations/dark/girl-phone.png]
[preview.tabler.io/static/illustrations/light/girl-refresh.png]
[preview.tabler.io/static/illustrations/dark/girl-refresh.png]
[preview.tabler.io/static/illustrations/light/good-info.png]
[preview.tabler.io/static/illustrations/dark/good-info.png]
[preview.tabler.io/static/illustrations/light/good-news.png]
[preview.tabler.io/static/illustrations/dark/good-news.png]
[preview.tabler.io/static/illustrations/light/graduation.png]
[preview.tabler.io/static/illustrations/dark/graduation.png]
[preview.tabler.io/static/illustrations/light/guitar.png]
[preview.tabler.io/static/illustrations/dark/guitar.png]
[preview.tabler.io/static/illustrations/light/hacker.png]
[preview.tabler.io/static/illustrations/dark/hacker.png]
[preview.tabler.io/static/illustrations/light/halloween-pumpkin.png]
[preview.tabler.io/static/illustrations/dark/halloween-pumpkin.png]
[preview.tabler.io/static/illustrations/light/halloween.png]
[preview.tabler.io/static/illustrations/dark/halloween.png]
[preview.tabler.io/static/illustrations/light/hybrid-work.png]
[preview.tabler.io/static/illustrations/dark/hybrid-work.png]
[preview.tabler.io/static/illustrations/light/ice-skates.png]
[preview.tabler.io/static/illustrations/dark/ice-skates.png]
[preview.tabler.io/static/illustrations/light/icons-drawing-run.png]
[preview.tabler.io/static/illustrations/dark/icons-drawing-run.png]
[preview.tabler.io/static/illustrations/light/icons-drawing.png]
[preview.tabler.io/static/illustrations/dark/icons-drawing.png]
[preview.tabler.io/static/illustrations/light/icons-ladder.png]
[preview.tabler.io/static/illustrations/dark/icons-ladder.png]
[preview.tabler.io/static/illustrations/light/icons-production.png]
[preview.tabler.io/static/illustrations/dark/icons-production.png]
[preview.tabler.io/static/illustrations/light/icons-workshop.png]
[preview.tabler.io/static/illustrations/dark/icons-workshop.png]
[preview.tabler.io/static/illustrations/light/icons.png]
[preview.tabler.io/static/illustrations/dark/icons.png]
[preview.tabler.io/static/illustrations/light/idea.png]
[preview.tabler.io/static/illustrations/dark/idea.png]
[preview.tabler.io/static/illustrations/light/kite.png]
[preview.tabler.io/static/illustrations/dark/kite.png]
[preview.tabler.io/static/illustrations/light/loading.png]
[preview.tabler.io/static/illustrations/dark/loading.png]
[preview.tabler.io/static/illustrations/light/map-destination.png]
[preview.tabler.io/static/illustrations/dark/map-destination.png]
[preview.tabler.io/static/illustrations/light/message.png]
[preview.tabler.io/static/illustrations/dark/message.png]
[preview.tabler.io/static/illustrations/light/mobile-computer.png]
[preview.tabler.io/static/illustrations/dark/mobile-computer.png]
[preview.tabler.io/static/illustrations/light/morning.png]
[preview.tabler.io/static/illustrations/dark/morning.png]
[preview.tabler.io/static/illustrations/light/music.png]
[preview.tabler.io/static/illustrations/dark/music.png]
[preview.tabler.io/static/illustrations/light/neutral-info.png]
[preview.tabler.io/static/illustrations/dark/neutral-info.png]
[preview.tabler.io/static/illustrations/light/new-year-2.png]
[preview.tabler.io/static/illustrations/dark/new-year-2.png]
[preview.tabler.io/static/illustrations/light/new-year.png]
[preview.tabler.io/static/illustrations/dark/new-year.png]
[preview.tabler.io/static/illustrations/light/no-connection.png]
[preview.tabler.io/static/illustrations/dark/no-connection.png]
[preview.tabler.io/static/illustrations/light/not-found.png]
[preview.tabler.io/static/illustrations/dark/not-found.png]
[preview.tabler.io/static/illustrations/light/onboarding.png]
[preview.tabler.io/static/illustrations/dark/onboarding.png]
[preview.tabler.io/static/illustrations/light/painting.png]
[preview.tabler.io/static/illustrations/dark/painting.png]
[preview.tabler.io/static/illustrations/light/password-reset.png]
[preview.tabler.io/static/illustrations/dark/password-reset.png]
[preview.tabler.io/static/illustrations/light/payment.png]
[preview.tabler.io/static/illustrations/dark/payment.png]
[preview.tabler.io/static/illustrations/light/permissions.png]
[preview.tabler.io/static/illustrations/dark/permissions.png]
[preview.tabler.io/static/illustrations/light/podcast.png]
[preview.tabler.io/static/illustrations/dark/podcast.png]
[preview.tabler.io/static/illustrations/light/printer.png]
[preview.tabler.io/static/illustrations/dark/printer.png]
[preview.tabler.io/static/illustrations/light/project.png]
[preview.tabler.io/static/illustrations/dark/project.png]
[preview.tabler.io/static/illustrations/light/reading.png]
[preview.tabler.io/static/illustrations/dark/reading.png]
[preview.tabler.io/static/illustrations/light/santa.png]
[preview.tabler.io/static/illustrations/dark/santa.png]
[preview.tabler.io/static/illustrations/light/search.png]
[preview.tabler.io/static/illustrations/dark/search.png]
[preview.tabler.io/static/illustrations/light/searching-for-a-signal.png]
[preview.tabler.io/static/illustrations/dark/searching-for-a-signal.png]
[preview.tabler.io/static/illustrations/light/selfie.png]
[preview.tabler.io/static/illustrations/dark/selfie.png]
[preview.tabler.io/static/illustrations/light/shield.png]
[preview.tabler.io/static/illustrations/dark/shield.png]
[preview.tabler.io/static/illustrations/light/shopping.png]
[preview.tabler.io/static/illustrations/dark/shopping.png]
[preview.tabler.io/static/illustrations/light/snowman-2.png]
[preview.tabler.io/static/illustrations/dark/snowman-2.png]
[preview.tabler.io/static/illustrations/light/snowman.png]
[preview.tabler.io/static/illustrations/dark/snowman.png]
[preview.tabler.io/static/illustrations/light/teamwork.png]
[preview.tabler.io/static/illustrations/dark/teamwork.png]
[preview.tabler.io/static/illustrations/light/telescope.png]
[preview.tabler.io/static/illustrations/dark/telescope.png]
[preview.tabler.io/static/illustrations/light/tiredness.png]
[preview.tabler.io/static/illustrations/dark/tiredness.png]
[preview.tabler.io/static/illustrations/light/to-do.png]
[preview.tabler.io/static/illustrations/dark/to-do.png]
[preview.tabler.io/static/illustrations/light/valentines-day-balloons.png]
[preview.tabler.io/static/illustrations/dark/valentines-day-balloons.png]
[preview.tabler.io/static/illustrations/light/valentines-day-couple.png]
[preview.tabler.io/static/illustrations/dark/valentines-day-couple.png]
[preview.tabler.io/static/illustrations/light/valentines-day-gift.png]
[preview.tabler.io/static/illustrations/dark/valentines-day-gift.png]
[preview.tabler.io/static/illustrations/light/valentines-day-heart.png]
[preview.tabler.io/static/illustrations/dark/valentines-day-heart.png]
[preview.tabler.io/static/illustrations/light/valentines-day-love.png]
[preview.tabler.io/static/illustrations/dark/valentines-day-love.png]
[preview.tabler.io/static/illustrations/light/vampire.png]
[preview.tabler.io/static/illustrations/dark/vampire.png]
[preview.tabler.io/static/illustrations/light/version-control.png]
[preview.tabler.io/static/illustrations/dark/version-control.png]
[preview.tabler.io/static/illustrations/light/video.png]
[preview.tabler.io/static/illustrations/dark/video.png]
[preview.tabler.io/static/illustrations/light/videoconference.png]
[preview.tabler.io/static/illustrations/dark/videoconference.png]
[preview.tabler.io/static/illustrations/light/vr.png]
[preview.tabler.io/static/illustrations/dark/vr.png]
[preview.tabler.io/static/illustrations/light/wait.png]
[preview.tabler.io/static/illustrations/dark/wait.png]
[preview.tabler.io/static/illustrations/light/weightlifting.png]
[preview.tabler.io/static/illustrations/dark/weightlifting.png]
[preview.tabler.io/static/illustrations/light/welcome-on-board.png]
[preview.tabler.io/static/illustrations/dark/welcome-on-board.png]
[preview.tabler.io/static/illustrations/light/witch-2.png]
[preview.tabler.io/static/illustrations/dark/witch-2.png]
[preview.tabler.io/static/illustrations/light/witch.png]
[preview.tabler.io/illustrations.html]
[preview.tabler.io/static/illustrations/dark/witch.png]
[preview.tabler.io/payment-providers.html]
[preview.tabler.io/changelog.html]
[preview.tabler.io/index4965.html]
[preview.tabler.io/index6a08.html]
[preview.tabler.io/static/brands/amazon.svg]
[preview.tabler.io/static/brands/android.svg]
[preview.tabler.io/static/brands/app-store.svg]
[preview.tabler.io/static/brands/apple-podcast.svg]
[preview.tabler.io/static/brands/apple.svg]
[preview.tabler.io/static/brands/behance.svg]
[preview.tabler.io/static/brands/discord.svg]
[preview.tabler.io/static/brands/dribbble.svg]
[preview.tabler.io/static/brands/dropbox.svg]
[preview.tabler.io/static/brands/ever-green.svg]
[preview.tabler.io/static/brands/facebook.svg]
[preview.tabler.io/static/brands/figma.svg]
[preview.tabler.io/static/brands/github.svg]
[preview.tabler.io/static/brands/gitlab.svg]
[preview.tabler.io/static/brands/google-ads.svg]
[preview.tabler.io/static/brands/google-adsense.svg]
[preview.tabler.io/static/brands/google-analytics.svg]
[preview.tabler.io/static/brands/google-cloud.svg]
[preview.tabler.io/static/brands/google-drive.svg]
[preview.tabler.io/static/brands/google-fit.svg]
[preview.tabler.io/static/brands/google-home.svg]
[preview.tabler.io/static/brands/google-maps.svg]
[preview.tabler.io/static/brands/google-meet.svg]
[preview.tabler.io/static/brands/google-photos.svg]
[preview.tabler.io/static/brands/google-play.svg]
[preview.tabler.io/static/brands/google-shopping.svg]
[preview.tabler.io/static/brands/google-teams.svg]
[preview.tabler.io/static/brands/google.svg]
[preview.tabler.io/static/brands/instagram.svg]
[preview.tabler.io/static/brands/klarna.svg]
[preview.tabler.io/static/brands/linkedin.svg]
[preview.tabler.io/static/brands/mailchimp.svg]
[preview.tabler.io/static/brands/medium.svg]
[preview.tabler.io/static/brands/messenger.svg]
[preview.tabler.io/static/brands/meta.svg]
[preview.tabler.io/static/brands/monday.svg]
[preview.tabler.io/static/brands/netflix.svg]
[preview.tabler.io/static/brands/notion.svg]
[preview.tabler.io/static/brands/office-365.svg]
[preview.tabler.io/static/brands/opera.svg]
[preview.tabler.io/static/brands/paypal.svg]
[preview.tabler.io/static/brands/petreon.svg]
[preview.tabler.io/static/brands/pinterest.svg]
[preview.tabler.io/static/brands/play-store.svg]
[preview.tabler.io/static/brands/quora.svg]
[preview.tabler.io/static/brands/reddit.svg]
[preview.tabler.io/static/brands/shopify.svg]
[preview.tabler.io/static/brands/skype.svg]
[preview.tabler.io/static/brands/slack.svg]
[preview.tabler.io/static/brands/snapchat.svg]
[preview.tabler.io/static/brands/soundcloud.svg]
[preview.tabler.io/static/brands/spotify.svg]
[preview.tabler.io/static/brands/stripe.svg]
[preview.tabler.io/static/brands/telegram.svg]
[preview.tabler.io/static/brands/tiktok.svg]
[preview.tabler.io/static/brands/tinder.svg]
[preview.tabler.io/static/brands/trello.svg]
[preview.tabler.io/static/brands/truth.svg]
[preview.tabler.io/static/brands/tumblr.svg]
[preview.tabler.io/static/brands/twitch.svg]
[preview.tabler.io/static/brands/twitter.svg]
[preview.tabler.io/static/brands/vimeo.svg]
[preview.tabler.io/static/brands/vk.svg]
[preview.tabler.io/static/brands/watppad.svg]
[preview.tabler.io/static/brands/webflow.svg]
[preview.tabler.io/static/brands/whatsapp.svg]
[preview.tabler.io/static/brands/wordpress.svg]
[preview.tabler.io/static/brands/xing.svg]
[preview.tabler.io/static/brands/yelp.svg]
[preview.tabler.io/static/brands/youtube.svg]
[preview.tabler.io/static/brands/zapier.svg]
[preview.tabler.io/static/brands/zendesk.svg]
[preview.tabler.io/static/brands/zoom.svg]
[preview.tabler.io/dist/libs/apexcharts/dist/apexcharts.min.js]
[preview.tabler.io/dist/libs/jsvectormap/dist/jsvectormap.min.js]
[preview.tabler.io/dist/libs/jsvectormap/dist/maps/world.js]
[preview.tabler.io/dist/libs/jsvectormap/dist/maps/world-merc.js]
[preview.tabler.io/dist/js/tabler.js]
[preview.tabler.io/error-406.html]
[preview.tabler.io/dist/img/flags/ad.svg]
[preview.tabler.io/dist/img/flags/af.svg]
[preview.tabler.io/dist/img/flags/ae.svg]
[preview.tabler.io/dist/img/flags/afrun.svg]
[preview.tabler.io/dist/img/flags/ag.svg]
[preview.tabler.io/dist/img/flags/ai.svg]
[preview.tabler.io/dist/img/flags/al.svg]
[preview.tabler.io/dist/img/flags/am.svg]
[preview.tabler.io/dist/img/flags/ao.svg]
[preview.tabler.io/dist/img/flags/aq.svg]
[preview.tabler.io/dist/img/flags/ar.svg]
[preview.tabler.io/dist/img/flags/as.svg]
[preview.tabler.io/dist/img/flags/at.svg]
[preview.tabler.io/dist/img/flags/au.svg]
[preview.tabler.io/dist/img/flags/aw.svg]
[preview.tabler.io/dist/img/flags/ax.svg]
[preview.tabler.io/dist/img/flags/az.svg]
[preview.tabler.io/dist/img/flags/ba.svg]
[preview.tabler.io/dist/img/flags/bb.svg]
[preview.tabler.io/dist/img/flags/bd.svg]
[preview.tabler.io/dist/img/flags/be.svg]
[preview.tabler.io/dist/img/flags/bf.svg]
[preview.tabler.io/dist/img/flags/bg.svg]
[preview.tabler.io/dist/img/flags/bh.svg]
[preview.tabler.io/dist/img/flags/bi.svg]
[preview.tabler.io/dist/img/flags/bj.svg]
[preview.tabler.io/dist/img/flags/bl.svg]
[preview.tabler.io/dist/img/flags/bm.svg]
[preview.tabler.io/dist/img/flags/bn.svg]
[preview.tabler.io/dist/img/flags/bo.svg]
[preview.tabler.io/dist/img/flags/bq-bo.svg]
[preview.tabler.io/dist/img/flags/bq-sa.svg]
[preview.tabler.io/dist/img/flags/bq-se.svg]
[preview.tabler.io/dist/img/flags/br.svg]
[preview.tabler.io/dist/img/flags/bs.svg]
[preview.tabler.io/dist/img/flags/bt.svg]
[preview.tabler.io/dist/img/flags/bv.svg]
[preview.tabler.io/dist/img/flags/bw.svg]
[preview.tabler.io/dist/img/flags/by.svg]
[preview.tabler.io/dist/img/flags/bz.svg]
[preview.tabler.io/dist/img/flags/ca.svg]
[preview.tabler.io/dist/img/flags/cc.svg]
[preview.tabler.io/dist/img/flags/cd.svg]
[preview.tabler.io/dist/img/flags/cf.svg]
[preview.tabler.io/dist/img/flags/cg.svg]
[preview.tabler.io/dist/img/flags/ch.svg]
[preview.tabler.io/dist/img/flags/ci.svg]
[preview.tabler.io/dist/img/flags/ck.svg]
[preview.tabler.io/dist/img/flags/cl.svg]
[preview.tabler.io/dist/img/flags/cm.svg]
[preview.tabler.io/dist/img/flags/cn.svg]
[preview.tabler.io/dist/img/flags/co.svg]
[preview.tabler.io/dist/img/flags/cr.svg]
[preview.tabler.io/dist/img/flags/cu.svg]
[preview.tabler.io/dist/img/flags/cv.svg]
[preview.tabler.io/dist/img/flags/cw.svg]
[preview.tabler.io/dist/img/flags/cx.svg]
[preview.tabler.io/dist/img/flags/cy.svg]
[preview.tabler.io/dist/img/flags/cz.svg]
[preview.tabler.io/dist/img/flags/de.svg]
[preview.tabler.io/dist/img/flags/dj.svg]
[preview.tabler.io/dist/img/flags/dk.svg]
[preview.tabler.io/dist/img/flags/dm.svg]
[preview.tabler.io/dist/img/flags/do.svg]
[preview.tabler.io/dist/img/flags/dz.svg]
[preview.tabler.io/dist/img/flags/ec.svg]
[preview.tabler.io/dist/img/flags/ee.svg]
[preview.tabler.io/dist/img/flags/eg.svg]
[preview.tabler.io/dist/img/flags/eh.svg]
[preview.tabler.io/dist/img/flags/er.svg]
[preview.tabler.io/dist/img/flags/es.svg]
[preview.tabler.io/dist/img/flags/et.svg]
[preview.tabler.io/dist/img/flags/eu.svg]
[preview.tabler.io/dist/img/flags/fi.svg]
[preview.tabler.io/dist/img/flags/fj.svg]
[preview.tabler.io/dist/img/flags/fk.svg]
[preview.tabler.io/dist/img/flags/fm.svg]
[preview.tabler.io/dist/img/flags/fo.svg]
[preview.tabler.io/dist/img/flags/fr.svg]
[preview.tabler.io/dist/img/flags/ga.svg]
[preview.tabler.io/dist/img/flags/gb-eng.svg]
[preview.tabler.io/dist/img/flags/gb-sct.svg]
[preview.tabler.io/dist/img/flags/gb.svg]
[preview.tabler.io/dist/img/flags/gb-wls.svg]
[preview.tabler.io/dist/img/flags/gb-nir.svg]
[preview.tabler.io/dist/img/flags/gd.svg]
[preview.tabler.io/dist/img/flags/ge.svg]
[preview.tabler.io/dist/img/flags/gf.svg]
[preview.tabler.io/dist/img/flags/gg.svg]
[preview.tabler.io/dist/img/flags/gh.svg]
[preview.tabler.io/dist/img/flags/gi.svg]
[preview.tabler.io/dist/img/flags/gl.svg]
[preview.tabler.io/dist/img/flags/gm.svg]
[preview.tabler.io/dist/img/flags/gn.svg]
[preview.tabler.io/dist/img/flags/gp.svg]
[preview.tabler.io/dist/img/flags/gq.svg]
[preview.tabler.io/dist/img/flags/gr.svg]
[preview.tabler.io/dist/img/flags/gs.svg]
[preview.tabler.io/dist/img/flags/gt.svg]
[preview.tabler.io/dist/img/flags/gu.svg]
[preview.tabler.io/dist/img/flags/gw.svg]
[preview.tabler.io/dist/img/flags/gy.svg]
[preview.tabler.io/dist/img/flags/hk.svg]
[preview.tabler.io/dist/img/flags/hm.svg]
[preview.tabler.io/dist/img/flags/hn.svg]
[preview.tabler.io/dist/img/flags/hr.svg]
[preview.tabler.io/dist/img/flags/ht.svg]
[preview.tabler.io/dist/img/flags/hu.svg]
[preview.tabler.io/dist/img/flags/id.svg]
[preview.tabler.io/dist/img/flags/ie.svg]
[preview.tabler.io/dist/img/flags/il.svg]
[preview.tabler.io/dist/img/flags/im.svg]
[preview.tabler.io/dist/img/flags/in.svg]
[preview.tabler.io/dist/img/flags/io.svg]
[preview.tabler.io/dist/img/flags/iq.svg]
[preview.tabler.io/dist/img/flags/ir.svg]
[preview.tabler.io/dist/img/flags/is.svg]
[preview.tabler.io/dist/img/flags/it.svg]
[preview.tabler.io/dist/img/flags/je.svg]
[preview.tabler.io/dist/img/flags/jm.svg]
[preview.tabler.io/dist/img/flags/jo.svg]
[preview.tabler.io/dist/img/flags/jp.svg]
[preview.tabler.io/dist/img/flags/ke.svg]
[preview.tabler.io/dist/img/flags/kg.svg]
[preview.tabler.io/dist/img/flags/kh.svg]
[preview.tabler.io/dist/img/flags/ki.svg]
[preview.tabler.io/dist/img/flags/km.svg]
[preview.tabler.io/dist/img/flags/kn.svg]
[preview.tabler.io/dist/img/flags/kp.svg]
[preview.tabler.io/dist/img/flags/kr.svg]
[preview.tabler.io/dist/img/flags/kw.svg]
[preview.tabler.io/dist/img/flags/ky.svg]
[preview.tabler.io/dist/img/flags/kz.svg]
[preview.tabler.io/dist/img/flags/la.svg]
[preview.tabler.io/dist/img/flags/lb.svg]
[preview.tabler.io/dist/img/flags/lc.svg]
[preview.tabler.io/dist/img/flags/li.svg]
[preview.tabler.io/dist/img/flags/lk.svg]
[preview.tabler.io/dist/img/flags/lr.svg]
[preview.tabler.io/dist/img/flags/ls.svg]
[preview.tabler.io/dist/img/flags/lt.svg]
[preview.tabler.io/dist/img/flags/lu.svg]
[preview.tabler.io/dist/img/flags/lv.svg]
[preview.tabler.io/dist/img/flags/ly.svg]
[preview.tabler.io/dist/img/flags/ma.svg]
[preview.tabler.io/dist/img/flags/mc.svg]
[preview.tabler.io/dist/img/flags/md.svg]
[preview.tabler.io/dist/img/flags/me.svg]
[preview.tabler.io/dist/img/flags/mf.svg]
[preview.tabler.io/dist/img/flags/mg.svg]
[preview.tabler.io/dist/img/flags/mh.svg]
[preview.tabler.io/dist/img/flags/mk.svg]
[preview.tabler.io/dist/img/flags/ml.svg]
[preview.tabler.io/dist/img/flags/mm.svg]
[preview.tabler.io/dist/img/flags/mn.svg]
[preview.tabler.io/dist/img/flags/mo.svg]
[preview.tabler.io/dist/img/flags/mp.svg]
[preview.tabler.io/dist/img/flags/mq.svg]
[preview.tabler.io/dist/img/flags/mr.svg]
[preview.tabler.io/dist/img/flags/ms.svg]
[preview.tabler.io/dist/img/flags/mt.svg]
[preview.tabler.io/dist/img/flags/mu.svg]
[preview.tabler.io/dist/img/flags/mv.svg]
[preview.tabler.io/dist/img/flags/mw.svg]
[preview.tabler.io/dist/img/flags/mx.svg]
[preview.tabler.io/dist/img/flags/my.svg]
[preview.tabler.io/dist/img/flags/mz.svg]
[preview.tabler.io/dist/img/flags/na.svg]
[preview.tabler.io/dist/img/flags/nc.svg]
[preview.tabler.io/dist/img/flags/ne.svg]
[preview.tabler.io/dist/img/flags/nf.svg]
[preview.tabler.io/dist/img/flags/ng.svg]
[preview.tabler.io/dist/img/flags/ni.svg]
[preview.tabler.io/dist/img/flags/nl.svg]
[preview.tabler.io/dist/img/flags/no.svg]
[preview.tabler.io/dist/img/flags/np.svg]
[preview.tabler.io/dist/img/flags/nr.svg]
[preview.tabler.io/dist/img/flags/nu.svg]
[preview.tabler.io/dist/img/flags/nz.svg]
[preview.tabler.io/dist/img/flags/om.svg]
[preview.tabler.io/dist/img/flags/pa.svg]
[preview.tabler.io/dist/img/flags/pe.svg]
[preview.tabler.io/dist/img/flags/pf.svg]
[preview.tabler.io/dist/img/flags/pg.svg]
[preview.tabler.io/dist/img/flags/ph.svg]
[preview.tabler.io/dist/img/flags/pk.svg]
[preview.tabler.io/dist/img/flags/pl.svg]
[preview.tabler.io/dist/img/flags/pm.svg]
[preview.tabler.io/dist/img/flags/pn.svg]
[preview.tabler.io/dist/img/flags/pr.svg]
[preview.tabler.io/dist/img/flags/ps.svg]
[preview.tabler.io/dist/img/flags/pt.svg]
[preview.tabler.io/dist/img/flags/pw.svg]
[preview.tabler.io/dist/img/flags/py.svg]
[preview.tabler.io/dist/img/flags/qa.svg]
[preview.tabler.io/dist/img/flags/rainbow.svg]
[preview.tabler.io/dist/img/flags/re.svg]
[preview.tabler.io/dist/img/flags/ro.svg]
[preview.tabler.io/dist/img/flags/rs.svg]
[preview.tabler.io/dist/img/flags/ru.svg]
[preview.tabler.io/dist/img/flags/rw.svg]
[preview.tabler.io/dist/img/flags/sa.svg]
[preview.tabler.io/dist/img/flags/sb.svg]
[preview.tabler.io/dist/img/flags/sc.svg]
[preview.tabler.io/dist/img/flags/sd.svg]
[preview.tabler.io/dist/img/flags/se.svg]
[preview.tabler.io/dist/img/flags/sg.svg]
[preview.tabler.io/dist/img/flags/sh.svg]
[preview.tabler.io/dist/img/flags/si.svg]
[preview.tabler.io/dist/img/flags/sj.svg]
[preview.tabler.io/dist/img/flags/sk.svg]
[preview.tabler.io/dist/img/flags/sl.svg]
[preview.tabler.io/dist/img/flags/sm.svg]
[preview.tabler.io/dist/img/flags/sn.svg]
[preview.tabler.io/dist/img/flags/so.svg]
[preview.tabler.io/dist/img/flags/sr.svg]
[preview.tabler.io/dist/img/flags/ss.svg]
[preview.tabler.io/dist/img/flags/st.svg]
[preview.tabler.io/dist/img/flags/sv.svg]
[preview.tabler.io/dist/img/flags/sx.svg]
[preview.tabler.io/dist/img/flags/sy.svg]
[preview.tabler.io/dist/img/flags/sz.svg]
[preview.tabler.io/dist/img/flags/tc.svg]
[preview.tabler.io/dist/img/flags/td.svg]
[preview.tabler.io/dist/img/flags/tf.svg]
[preview.tabler.io/dist/img/flags/tg.svg]
[preview.tabler.io/dist/img/flags/th.svg]
[preview.tabler.io/dist/img/flags/tj.svg]
[preview.tabler.io/dist/img/flags/tk.svg]
[preview.tabler.io/dist/img/flags/tl.svg]
[preview.tabler.io/dist/img/flags/tm.svg]
[preview.tabler.io/dist/img/flags/tn.svg]
[preview.tabler.io/dist/img/flags/to.svg]
[preview.tabler.io/dist/img/flags/tr.svg]
[preview.tabler.io/dist/img/flags/tt.svg]
[preview.tabler.io/dist/img/flags/tv.svg]
[preview.tabler.io/dist/img/flags/tw.svg]
[preview.tabler.io/dist/img/flags/tz.svg]
[preview.tabler.io/dist/img/flags/ua.svg]
[preview.tabler.io/dist/img/flags/ug.svg]
[preview.tabler.io/dist/img/flags/um.svg]
[preview.tabler.io/dist/img/flags/unasur.svg]
[preview.tabler.io/dist/img/flags/us.svg]
[preview.tabler.io/dist/img/flags/uy.svg]
[preview.tabler.io/dist/img/flags/uz.svg]
[preview.tabler.io/dist/img/flags/va.svg]
[preview.tabler.io/dist/img/flags/vc.svg]
[preview.tabler.io/dist/img/flags/ve.svg]
[preview.tabler.io/dist/img/flags/vg.svg]
[preview.tabler.io/dist/img/flags/vi.svg]
[preview.tabler.io/dist/img/flags/vn.svg]
[preview.tabler.io/dist/img/flags/vu.svg]
[preview.tabler.io/dist/img/flags/wf.svg]
[preview.tabler.io/dist/img/flags/ws.svg]
[preview.tabler.io/dist/img/flags/ye.svg]
[preview.tabler.io/dist/img/flags/za.svg]
[preview.tabler.io/dist/img/flags/zm.svg]
[preview.tabler.io/dist/img/flags/zw.svg]
[preview.tabler.io/dist/img/social/apple.svg]
[preview.tabler.io/dist/img/social/apple-gray.svg]
[preview.tabler.io/dist/img/social/discord.svg]
[preview.tabler.io/dist/img/social/discord-gray.svg]
[preview.tabler.io/dist/img/social/dribbble.svg]
[preview.tabler.io/dist/img/social/dribbble-gray.svg]
[preview.tabler.io/dist/img/social/facebook.svg]
[preview.tabler.io/dist/img/social/facebook-gray.svg]
[preview.tabler.io/dist/img/social/figma.svg]
[preview.tabler.io/dist/img/social/figma-gray.svg]
[preview.tabler.io/dist/img/social/github.svg]
[preview.tabler.io/dist/img/social/github-gray.svg]
[preview.tabler.io/dist/img/social/google.svg]
[preview.tabler.io/dist/img/social/google-gray.svg]
[preview.tabler.io/dist/img/social/instagram.svg]
[preview.tabler.io/dist/img/social/instagram-gray.svg]
[preview.tabler.io/dist/img/social/linkedin.svg]
[preview.tabler.io/dist/img/social/linkedin-gray.svg]
[preview.tabler.io/dist/img/social/medium.svg]
[preview.tabler.io/dist/img/social/medium-gray.svg]
[preview.tabler.io/dist/img/social/meta.svg]
[preview.tabler.io/dist/img/social/meta-gray.svg]
[preview.tabler.io/dist/img/social/metamask.svg]
[preview.tabler.io/dist/img/social/metamask-gray.svg]
[preview.tabler.io/dist/img/social/pinterest.svg]
[preview.tabler.io/dist/img/social/pinterest-gray.svg]
[preview.tabler.io/dist/img/social/reddit.svg]
[preview.tabler.io/dist/img/social/reddit-gray.svg]
[preview.tabler.io/dist/img/social/signal.svg]
[preview.tabler.io/dist/img/social/signal-gray.svg]
[preview.tabler.io/dist/img/social/skype.svg]
[preview.tabler.io/dist/img/social/skype-gray.svg]
[preview.tabler.io/dist/img/social/snapchat.svg]
[preview.tabler.io/dist/img/social/snapchat-gray.svg]
[preview.tabler.io/dist/img/social/spotify.svg]
[preview.tabler.io/dist/img/social/spotify-gray.svg]
[preview.tabler.io/dist/img/social/telegram.svg]
[preview.tabler.io/dist/img/social/telegram-gray.svg]
[preview.tabler.io/dist/img/social/tiktok.svg]
[preview.tabler.io/dist/img/social/tiktok-gray.svg]
[preview.tabler.io/dist/img/social/tumblr.svg]
[preview.tabler.io/dist/img/social/tumblr-gray.svg]
[preview.tabler.io/dist/img/social/twitch.svg]
[preview.tabler.io/dist/img/social/twitch-gray.svg]
[preview.tabler.io/dist/img/social/vk.svg]
[preview.tabler.io/dist/img/social/vk-gray.svg]
[preview.tabler.io/dist/img/social/x.svg]
[preview.tabler.io/dist/img/social/x-gray.svg]
[preview.tabler.io/dist/img/social/youtube.svg]
[preview.tabler.io/dist/img/social/youtube-gray.svg]
[preview.tabler.io/dist/img/payments/2c2p.svg]
[preview.tabler.io/dist/img/payments/2c2p-dark.svg]
[preview.tabler.io/dist/img/payments/2checkout.svg]
[preview.tabler.io/dist/img/payments/2checkout-dark.svg]
[preview.tabler.io/dist/img/payments/ach-transfer.svg]
[preview.tabler.io/dist/img/payments/ach-transfer-dark.svg]
[preview.tabler.io/dist/img/payments/adyen.svg]
[preview.tabler.io/dist/img/payments/adyen-dark.svg]
[preview.tabler.io/dist/img/payments/affirm.svg]
[preview.tabler.io/dist/img/payments/affirm-dark.svg]
[preview.tabler.io/dist/img/payments/afterpay.svg]
[preview.tabler.io/dist/img/payments/afterpay-dark.svg]
[preview.tabler.io/dist/img/payments/airtm.svg]
[preview.tabler.io/dist/img/payments/airtm-dark.svg]
[preview.tabler.io/dist/img/payments/airwallex.svg]
[preview.tabler.io/dist/img/payments/airwallex-dark.svg]
[preview.tabler.io/dist/img/payments/alipay-plus.svg]
[preview.tabler.io/dist/img/payments/alipay-plus-dark.svg]
[preview.tabler.io/dist/img/payments/alipay.svg]
[preview.tabler.io/dist/img/payments/alipay-dark.svg]
[preview.tabler.io/dist/img/payments/allegro-pay.svg]
[preview.tabler.io/dist/img/payments/allegro-pay-dark.svg]
[preview.tabler.io/dist/img/payments/amazon-pay.svg]
[preview.tabler.io/dist/img/payments/amazon-pay-dark.svg]
[preview.tabler.io/dist/img/payments/amazon.svg]
[preview.tabler.io/dist/img/payments/amazon-dark.svg]
[preview.tabler.io/dist/img/payments/americanexpress.svg]
[preview.tabler.io/dist/img/payments/americanexpress-dark.svg]
[preview.tabler.io/dist/img/payments/ant-group.svg]
[preview.tabler.io/dist/img/payments/ant-group-dark.svg]
[preview.tabler.io/dist/img/payments/applepay.svg]
[preview.tabler.io/dist/img/payments/applepay-dark.svg]
[preview.tabler.io/dist/img/payments/authorize.svg]
[preview.tabler.io/dist/img/payments/authorize-dark.svg]
[preview.tabler.io/dist/img/payments/autopay.svg]
[preview.tabler.io/dist/img/payments/autopay-dark.svg]
[preview.tabler.io/dist/img/payments/bancontact.svg]
[preview.tabler.io/dist/img/payments/bancontact-dark.svg]
[preview.tabler.io/dist/img/payments/bank-of-america.svg]
[preview.tabler.io/dist/img/payments/bank-of-america-dark.svg]
[preview.tabler.io/dist/img/payments/barclays.svg]
[preview.tabler.io/dist/img/payments/barclays-dark.svg]
[preview.tabler.io/dist/img/payments/bbva.svg]
[preview.tabler.io/dist/img/payments/bbva-dark.svg]
[preview.tabler.io/dist/img/payments/binance-usd.svg]
[preview.tabler.io/dist/img/payments/binance-usd-dark.svg]
[preview.tabler.io/dist/img/payments/binance.svg]
[preview.tabler.io/dist/img/payments/binance-dark.svg]
[preview.tabler.io/dist/img/payments/bitcoin.svg]
[preview.tabler.io/dist/img/payments/bitcoin-dark.svg]
[preview.tabler.io/dist/img/payments/bitpay.svg]
[preview.tabler.io/dist/img/payments/bitpay-dark.svg]
[preview.tabler.io/dist/img/payments/bkash.svg]
[preview.tabler.io/dist/img/payments/bkash-dark.svg]
[preview.tabler.io/dist/img/payments/blik.svg]
[preview.tabler.io/dist/img/payments/blik-dark.svg]
[preview.tabler.io/dist/img/payments/bnb-chain.svg]
[preview.tabler.io/dist/img/payments/bnb-chain-dark.svg]
[preview.tabler.io/dist/img/payments/bnp-paribas.svg]
[preview.tabler.io/dist/img/payments/bnp-paribas-dark.svg]
[preview.tabler.io/dist/img/payments/braintree.svg]
[preview.tabler.io/dist/img/payments/braintree-dark.svg]
[preview.tabler.io/dist/img/payments/brex.svg]
[preview.tabler.io/dist/img/payments/brex-dark.svg]
[preview.tabler.io/dist/img/payments/capital-one.svg]
[preview.tabler.io/dist/img/payments/capital-one-dark.svg]
[preview.tabler.io/dist/img/payments/cash-app.svg]
[preview.tabler.io/dist/img/payments/cash-app-dark.svg]
[preview.tabler.io/dist/img/payments/chase.svg]
[preview.tabler.io/dist/img/payments/chase-dark.svg]
[preview.tabler.io/dist/img/payments/checkout-com.svg]
[preview.tabler.io/dist/img/payments/checkout-com-dark.svg]
[preview.tabler.io/dist/img/payments/chime.svg]
[preview.tabler.io/dist/img/payments/chime-dark.svg]
[preview.tabler.io/dist/img/payments/china-construction-bank.svg]
[preview.tabler.io/dist/img/payments/china-construction-bank-dark.svg]
[preview.tabler.io/dist/img/payments/cirrus.svg]
[preview.tabler.io/dist/img/payments/cirrus-dark.svg]
[preview.tabler.io/dist/img/payments/citi.svg]
[preview.tabler.io/dist/img/payments/citi-dark.svg]
[preview.tabler.io/dist/img/payments/coinbase.svg]
[preview.tabler.io/dist/img/payments/coinbase-dark.svg]
[preview.tabler.io/dist/img/payments/coinkite.svg]
[preview.tabler.io/dist/img/payments/coinkite-dark.svg]
[preview.tabler.io/dist/img/payments/crypto-com.svg]
[preview.tabler.io/dist/img/payments/crypto-com-dark.svg]
[preview.tabler.io/dist/img/payments/deutsche-bank.svg]
[preview.tabler.io/dist/img/payments/deutsche-bank-dark.svg]
[preview.tabler.io/dist/img/payments/dinersclub.svg]
[preview.tabler.io/dist/img/payments/dinersclub-dark.svg]
[preview.tabler.io/dist/img/payments/directdebit.svg]
[preview.tabler.io/dist/img/payments/directdebit-dark.svg]
[preview.tabler.io/dist/img/payments/discover.svg]
[preview.tabler.io/dist/img/payments/discover-dark.svg]
[preview.tabler.io/dist/img/payments/dwolla.svg]
[preview.tabler.io/dist/img/payments/dwolla-dark.svg]
[preview.tabler.io/dist/img/payments/easypaisa.svg]
[preview.tabler.io/dist/img/payments/easypaisa-dark.svg]
[preview.tabler.io/dist/img/payments/ebay.svg]
[preview.tabler.io/dist/img/payments/ebay-dark.svg]
[preview.tabler.io/dist/img/payments/elo.svg]
[preview.tabler.io/dist/img/payments/elo-dark.svg]
[preview.tabler.io/dist/img/payments/epayco.svg]
[preview.tabler.io/dist/img/payments/epayco-dark.svg]
[preview.tabler.io/dist/img/payments/esewa.svg]
[preview.tabler.io/dist/img/payments/esewa-dark.svg]
[preview.tabler.io/dist/img/payments/ethereum.svg]
[preview.tabler.io/dist/img/payments/ethereum-dark.svg]
[preview.tabler.io/dist/img/payments/eway.svg]
[preview.tabler.io/dist/img/payments/eway-dark.svg]
[preview.tabler.io/dist/img/payments/fifth-third-bank.svg]
[preview.tabler.io/dist/img/payments/fifth-third-bank-dark.svg]
[preview.tabler.io/dist/img/payments/fiserv.svg]
[preview.tabler.io/dist/img/payments/fiserv-dark.svg]
[preview.tabler.io/dist/img/payments/flutterwave.svg]
[preview.tabler.io/dist/img/payments/flutterwave-dark.svg]
[preview.tabler.io/dist/img/payments/fonepay.svg]
[preview.tabler.io/dist/img/payments/fonepay-dark.svg]
[preview.tabler.io/dist/img/payments/gcash.svg]
[preview.tabler.io/dist/img/payments/gcash-dark.svg]
[preview.tabler.io/dist/img/payments/giropay.svg]
[preview.tabler.io/dist/img/payments/giropay-dark.svg]
[preview.tabler.io/dist/img/payments/goldman-sachs.svg]
[preview.tabler.io/dist/img/payments/goldman-sachs-dark.svg]
[preview.tabler.io/dist/img/payments/google-pay.svg]
[preview.tabler.io/dist/img/payments/google-pay-dark.svg]
[preview.tabler.io/dist/img/payments/googlewallet.svg]
[preview.tabler.io/dist/img/payments/googlewallet-dark.svg]
[preview.tabler.io/dist/img/payments/grabpay.svg]
[preview.tabler.io/dist/img/payments/grabpay-dark.svg]
[preview.tabler.io/dist/img/payments/hsbc.svg]
[preview.tabler.io/dist/img/payments/hsbc-dark.svg]
[preview.tabler.io/dist/img/payments/hubspot.svg]
[preview.tabler.io/dist/img/payments/hubspot-dark.svg]
[preview.tabler.io/dist/img/payments/huntington-bank.svg]
[preview.tabler.io/dist/img/payments/huntington-bank-dark.svg]
[preview.tabler.io/dist/img/payments/icbc.svg]
[preview.tabler.io/dist/img/payments/icbc-dark.svg]
[preview.tabler.io/dist/img/payments/ideal.svg]
[preview.tabler.io/dist/img/payments/ideal-dark.svg]
[preview.tabler.io/dist/img/payments/imepay.svg]
[preview.tabler.io/dist/img/payments/imepay-dark.svg]
[preview.tabler.io/dist/img/payments/imoje.svg]
[preview.tabler.io/dist/img/payments/imoje-dark.svg]
[preview.tabler.io/dist/img/payments/ing.svg]
[preview.tabler.io/dist/img/payments/ing-dark.svg]
[preview.tabler.io/dist/img/payments/ingenico.svg]
[preview.tabler.io/dist/img/payments/ingenico-dark.svg]
[preview.tabler.io/dist/img/payments/interac.svg]
[preview.tabler.io/dist/img/payments/interac-dark.svg]
[preview.tabler.io/dist/img/payments/jazzcash.svg]
[preview.tabler.io/dist/img/payments/jazzcash-dark.svg]
[preview.tabler.io/dist/img/payments/jcb.svg]
[preview.tabler.io/dist/img/payments/jcb-dark.svg]
[preview.tabler.io/dist/img/payments/khalti.svg]
[preview.tabler.io/dist/img/payments/khalti-dark.svg]
[preview.tabler.io/dist/img/payments/klarna.svg]
[preview.tabler.io/dist/img/payments/klarna-dark.svg]
[preview.tabler.io/dist/img/payments/kraken.svg]
[preview.tabler.io/dist/img/payments/kraken-dark.svg]
[preview.tabler.io/dist/img/payments/linepay.svg]
[preview.tabler.io/dist/img/payments/linepay-dark.svg]
[preview.tabler.io/dist/img/payments/litecoin.svg]
[preview.tabler.io/dist/img/payments/litecoin-dark.svg]
[preview.tabler.io/dist/img/payments/mada.svg]
[preview.tabler.io/dist/img/payments/mada-dark.svg]
[preview.tabler.io/dist/img/payments/maestro.svg]
[preview.tabler.io/dist/img/payments/maestro-dark.svg]
[preview.tabler.io/dist/img/payments/mastercard.svg]
[preview.tabler.io/dist/img/payments/mastercard-dark.svg]
[preview.tabler.io/dist/img/payments/mercado-pago.svg]
[preview.tabler.io/dist/img/payments/mercado-pago-dark.svg]
[preview.tabler.io/dist/img/payments/mercury.svg]
[preview.tabler.io/dist/img/payments/mercury-dark.svg]
[preview.tabler.io/dist/img/payments/meta-pay.svg]
[preview.tabler.io/dist/img/payments/meta-pay-dark.svg]
[preview.tabler.io/dist/img/payments/metamask.svg]
[preview.tabler.io/dist/img/payments/metamask-dark.svg]
[preview.tabler.io/dist/img/payments/mir.svg]
[preview.tabler.io/dist/img/payments/mir-dark.svg]
[preview.tabler.io/dist/img/payments/mitsubishi-ufj.svg]
[preview.tabler.io/dist/img/payments/mitsubishi-ufj-dark.svg]
[preview.tabler.io/dist/img/payments/mobilepay.svg]
[preview.tabler.io/dist/img/payments/mobilepay-dark.svg]
[preview.tabler.io/dist/img/payments/mollie.svg]
[preview.tabler.io/dist/img/payments/mollie-dark.svg]
[preview.tabler.io/dist/img/payments/monero.svg]
[preview.tabler.io/dist/img/payments/monero-dark.svg]
[preview.tabler.io/dist/img/payments/moneygram.svg]
[preview.tabler.io/dist/img/payments/moneygram-dark.svg]
[preview.tabler.io/dist/img/payments/mpesa.svg]
[preview.tabler.io/dist/img/payments/mpesa-dark.svg]
[preview.tabler.io/dist/img/payments/ncr.svg]
[preview.tabler.io/dist/img/payments/ncr-dark.svg]
[preview.tabler.io/dist/img/payments/neteller.svg]
[preview.tabler.io/dist/img/payments/neteller-dark.svg]
[preview.tabler.io/dist/img/payments/northone.svg]
[preview.tabler.io/dist/img/payments/northone-dark.svg]
[preview.tabler.io/dist/img/payments/nu.svg]
[preview.tabler.io/dist/img/payments/nu-dark.svg]
[preview.tabler.io/dist/img/payments/nuvei.svg]
[preview.tabler.io/dist/img/payments/nuvei-dark.svg]
[preview.tabler.io/dist/img/payments/opensea.svg]
[preview.tabler.io/dist/img/payments/opensea-dark.svg]
[preview.tabler.io/dist/img/payments/oxxo.svg]
[preview.tabler.io/dist/img/payments/oxxo-dark.svg]
[preview.tabler.io/dist/img/payments/paybox.svg]
[preview.tabler.io/dist/img/payments/paybox-dark.svg]
[preview.tabler.io/dist/img/payments/payconiq.svg]
[preview.tabler.io/dist/img/payments/payconiq-dark.svg]
[preview.tabler.io/dist/img/payments/payka.svg]
[preview.tabler.io/dist/img/payments/payka-dark.svg]
[preview.tabler.io/dist/img/payments/payline.svg]
[preview.tabler.io/dist/img/payments/payline-dark.svg]
[preview.tabler.io/dist/img/payments/paynow.svg]
[preview.tabler.io/dist/img/payments/paynow-dark.svg]
[preview.tabler.io/dist/img/payments/payone.svg]
[preview.tabler.io/dist/img/payments/payone-dark.svg]
[preview.tabler.io/dist/img/payments/payoneer.svg]
[preview.tabler.io/dist/img/payments/payoneer-dark.svg]
[preview.tabler.io/dist/img/payments/paypal.svg]
[preview.tabler.io/dist/img/payments/paypal-dark.svg]
[preview.tabler.io/dist/img/payments/paypay.svg]
[preview.tabler.io/dist/img/payments/paypay-dark.svg]
[preview.tabler.io/dist/img/payments/paypo.svg]
[preview.tabler.io/dist/img/payments/paypo-dark.svg]
[preview.tabler.io/dist/img/payments/paysafe.svg]
[preview.tabler.io/dist/img/payments/paysafe-dark.svg]
[preview.tabler.io/dist/img/payments/paysafecard.svg]
[preview.tabler.io/dist/img/payments/paysafecard-dark.svg]
[preview.tabler.io/dist/img/payments/paystack.svg]
[preview.tabler.io/dist/img/payments/paystack-dark.svg]
[preview.tabler.io/dist/img/payments/paytm.svg]
[preview.tabler.io/dist/img/payments/paytm-dark.svg]
[preview.tabler.io/dist/img/payments/payu.svg]
[preview.tabler.io/dist/img/payments/payu-dark.svg]
[preview.tabler.io/dist/img/payments/phonepe.svg]
[preview.tabler.io/dist/img/payments/phonepe-dark.svg]
[preview.tabler.io/dist/img/payments/pix.svg]
[preview.tabler.io/dist/img/payments/pix-dark.svg]
[preview.tabler.io/dist/img/payments/pnc-bank.svg]
[preview.tabler.io/dist/img/payments/pnc-bank-dark.svg]
[preview.tabler.io/dist/img/payments/poli.svg]
[preview.tabler.io/dist/img/payments/poli-dark.svg]
[preview.tabler.io/dist/img/payments/przelewy24.svg]
[preview.tabler.io/dist/img/payments/przelewy24-dark.svg]
[preview.tabler.io/dist/img/payments/rapyd.svg]
[preview.tabler.io/dist/img/payments/rapyd-dark.svg]
[preview.tabler.io/dist/img/payments/razorpay.svg]
[preview.tabler.io/dist/img/payments/razorpay-dark.svg]
[preview.tabler.io/dist/img/payments/revolut-pay.svg]
[preview.tabler.io/dist/img/payments/revolut-pay-dark.svg]
[preview.tabler.io/dist/img/payments/ripple.svg]
[preview.tabler.io/dist/img/payments/ripple-dark.svg]
[preview.tabler.io/dist/img/payments/rupay.svg]
[preview.tabler.io/dist/img/payments/rupay-dark.svg]
[preview.tabler.io/dist/img/payments/samsung-pay.svg]
[preview.tabler.io/dist/img/payments/samsung-pay-dark.svg]
[preview.tabler.io/dist/img/payments/santander.svg]
[preview.tabler.io/dist/img/payments/santander-dark.svg]
[preview.tabler.io/dist/img/payments/sepa.svg]
[preview.tabler.io/dist/img/payments/sepa-dark.svg]
[preview.tabler.io/dist/img/payments/shop-pay.svg]
[preview.tabler.io/dist/img/payments/shop-pay-dark.svg]
[preview.tabler.io/dist/img/payments/shopify.svg]
[preview.tabler.io/dist/img/payments/shopify-dark.svg]
[preview.tabler.io/dist/img/payments/skrill.svg]
[preview.tabler.io/dist/img/payments/skrill-dark.svg]
[preview.tabler.io/dist/img/payments/skycash.svg]
[preview.tabler.io/dist/img/payments/skycash-dark.svg]
[preview.tabler.io/dist/img/payments/sofort.svg]
[preview.tabler.io/dist/img/payments/sofort-dark.svg]
[preview.tabler.io/dist/img/payments/solana.svg]
[preview.tabler.io/dist/img/payments/solana-dark.svg]
[preview.tabler.io/dist/img/payments/spingo.svg]
[preview.tabler.io/dist/img/payments/spingo-dark.svg]
[preview.tabler.io/dist/img/payments/square.svg]
[preview.tabler.io/dist/img/payments/square-dark.svg]
[preview.tabler.io/dist/img/payments/stax.svg]
[preview.tabler.io/dist/img/payments/stax-dark.svg]
[preview.tabler.io/dist/img/payments/stcpay.svg]
[preview.tabler.io/dist/img/payments/stcpay-dark.svg]
[preview.tabler.io/dist/img/payments/stripe.svg]
[preview.tabler.io/dist/img/payments/stripe-dark.svg]
[preview.tabler.io/dist/img/payments/sumitomo-mitsui.svg]
[preview.tabler.io/dist/img/payments/sumitomo-mitsui-dark.svg]
[preview.tabler.io/dist/img/payments/swift.svg]
[preview.tabler.io/dist/img/payments/swift-dark.svg]
[preview.tabler.io/dist/img/payments/swish.svg]
[preview.tabler.io/dist/img/payments/swish-dark.svg]
[preview.tabler.io/dist/img/payments/synchrony.svg]
[preview.tabler.io/dist/img/payments/synchrony-dark.svg]
[preview.tabler.io/dist/img/payments/tether.svg]
[preview.tabler.io/dist/img/payments/tether-dark.svg]
[preview.tabler.io/dist/img/payments/tpay.svg]
[preview.tabler.io/dist/img/payments/tpay-dark.svg]
[preview.tabler.io/dist/img/payments/troy.svg]
[preview.tabler.io/dist/img/payments/troy-dark.svg]
[preview.tabler.io/dist/img/payments/true-usd.svg]
[preview.tabler.io/dist/img/payments/true-usd-dark.svg]
[preview.tabler.io/dist/img/payments/trustly.svg]
[preview.tabler.io/dist/img/payments/trustly-dark.svg]
[preview.tabler.io/dist/img/payments/twint.svg]
[preview.tabler.io/dist/img/payments/twint-dark.svg]
[preview.tabler.io/dist/img/payments/ubs.svg]
[preview.tabler.io/dist/img/payments/ubs-dark.svg]
[preview.tabler.io/dist/img/payments/unionpay.svg]
[preview.tabler.io/dist/img/payments/unionpay-dark.svg]
[preview.tabler.io/dist/img/payments/upi.svg]
[preview.tabler.io/dist/img/payments/upi-dark.svg]
[preview.tabler.io/dist/img/payments/us-bank.svg]
[preview.tabler.io/dist/img/payments/us-bank-dark.svg]
[preview.tabler.io/dist/img/payments/usdc.svg]
[preview.tabler.io/dist/img/payments/usdc-dark.svg]
[preview.tabler.io/dist/img/payments/venmo.svg]
[preview.tabler.io/dist/img/payments/venmo-dark.svg]
[preview.tabler.io/dist/img/payments/verifone.svg]
[preview.tabler.io/dist/img/payments/verifone-dark.svg]
[preview.tabler.io/dist/img/payments/vipps.svg]
[preview.tabler.io/dist/img/payments/vipps-dark.svg]
[preview.tabler.io/dist/img/payments/visa.svg]
[preview.tabler.io/dist/img/payments/visa-dark.svg]
[preview.tabler.io/dist/img/payments/we-chat-pay.svg]
[preview.tabler.io/dist/img/payments/we-chat-pay-dark.svg]
[preview.tabler.io/dist/img/payments/webmoney.svg]
[preview.tabler.io/dist/img/payments/webmoney-dark.svg]
[preview.tabler.io/dist/img/payments/wells-fargo.svg]
[preview.tabler.io/dist/img/payments/wells-fargo-dark.svg]
[preview.tabler.io/dist/img/payments/westernunion.svg]
[preview.tabler.io/dist/img/payments/westernunion-dark.svg]
[preview.tabler.io/dist/img/payments/wire-transfer.svg]
[preview.tabler.io/dist/img/payments/wire-transfer-dark.svg]
[preview.tabler.io/dist/img/payments/wise.svg]
[preview.tabler.io/dist/img/payments/wise-dark.svg]
[preview.tabler.io/dist/img/payments/worldpay.svg]
[preview.tabler.io/dist/img/payments/worldpay-dark.svg]
[preview.tabler.io/dist/img/payments/zelle.svg]
[preview.tabler.io/dist/img/payments/zelle-dark.svg]
[preview.tabler.io/profile4965.html]
[preview.tabler.io/profile6a08.html]
[preview.tabler.io/cdn-cgi/scripts/5c5dd728/cloudflare-static/email-decode.min.js]
[preview.tabler.io/settings4965.html]
[preview.tabler.io/settings6a08.html]
[preview.tabler.io/index4965-2.html]
[preview.tabler.io/index6a08-2.html]
[preview.tabler.io/dashboard-crypto4965.html]
[preview.tabler.io/dashboard-crypto6a08.html]
[preview.tabler.io/dashboard-crm4965.html]
[preview.tabler.io/dashboard-crm6a08.html]
[preview.tabler.io/dist/libs/nouislider/dist/nouislider.min.css]
[preview.tabler.io/dist/libs/tom-select/dist/css/tom-select.bootstrap5.min.css]
[preview.tabler.io/dist/libs/star-rating.js/dist/star-rating.min.css]
[preview.tabler.io/all-elements4965.html]
[preview.tabler.io/all-elements6a08.html]
[preview.tabler.io/cdn-cgi/l/email-protection.html]
[preview.tabler.io/dist/libs/nouislider/dist/nouislider.min.js]
[preview.tabler.io/dist/libs/tom-select/dist/js/tom-select.base.min.js]
[preview.tabler.io/dist/libs/star-rating.js/dist/star-rating.min.js]
[preview.tabler.io/accordion4965.html]
[preview.tabler.io/accordion6a08.html]
[preview.tabler.io/alerts4965.html]
[preview.tabler.io/alerts6a08.html]
[preview.tabler.io/avatars4965.html]
[preview.tabler.io/avatars6a08.html]
[preview.tabler.io/badges4965.html]
[preview.tabler.io/badges6a08.html]
[preview.tabler.io/blank4965.html]
[preview.tabler.io/blank6a08.html]
[preview.tabler.io/buttons4965.html]
[preview.tabler.io/buttons6a08.html]
[preview.tabler.io/cards4965.html]
[preview.tabler.io/cards6a08.html]
[preview.tabler.io/card-actions4965.html]
[preview.tabler.io/card-actions6a08.html]
[preview.tabler.io/card-gradients4965.html]
[preview.tabler.io/card-gradients6a08.html]
[preview.tabler.io/cards-masonry4965.html]
[preview.tabler.io/cards-masonry6a08.html]
[preview.tabler.io/carousel4965.html]
[preview.tabler.io/carousel6a08.html]
[preview.tabler.io/colors4965.html]
[preview.tabler.io/colors6a08.html]
[preview.tabler.io/datagrid4965.html]
[preview.tabler.io/datagrid6a08.html]
[preview.tabler.io/dropdowns4965.html]
[preview.tabler.io/dropdowns6a08.html]
[preview.tabler.io/lists4965.html]
[preview.tabler.io/lists6a08.html]
[preview.tabler.io/modals4965.html]
[preview.tabler.io/modals6a08.html]
[preview.tabler.io/dist/libs/litepicker/dist/litepicker.js]
[preview.tabler.io/dist/libs/hugerte/hugerte.min.js]
[preview.tabler.io/dist/libs/signature_pad/dist/signature_pad.umd.min.js]
[preview.tabler.io/prose4965.html]
[preview.tabler.io/prose6a08.html]
[preview.tabler.io/navigation4965.html]
[preview.tabler.io/navigation6a08.html]
[preview.tabler.io/offcanvas4965.html]
[preview.tabler.io/offcanvas6a08.html]
[preview.tabler.io/pagination4965.html]
[preview.tabler.io/pagination6a08.html]
[preview.tabler.io/patterns4965.html]
[preview.tabler.io/patterns6a08.html]
[preview.tabler.io/placeholder4965.html]
[preview.tabler.io/placeholder6a08.html]
[preview.tabler.io/progress4965.html]
[preview.tabler.io/progress6a08.html]
[preview.tabler.io/segmented-control4965.html]
[preview.tabler.io/segmented-control6a08.html]
[preview.tabler.io/scroll-spy4965.html]
[preview.tabler.io/scroll-spy6a08.html]
[preview.tabler.io/social-icons4965.html]
[preview.tabler.io/social-icons6a08.html]
[preview.tabler.io/stars-rating4965.html]
[preview.tabler.io/stars-rating6a08.html]
[preview.tabler.io/steps4965.html]
[preview.tabler.io/steps6a08.html]
[preview.tabler.io/tables4965.html]
[preview.tabler.io/tables6a08.html]
[preview.tabler.io/dist/libs/list.js/dist/list.min.js]
[preview.tabler.io/tabs4965.html]
[preview.tabler.io/tabs6a08.html]
[preview.tabler.io/tags4965.html]
[preview.tabler.io/tags6a08.html]
[preview.tabler.io/toasts4965.html]
[preview.tabler.io/toasts6a08.html]
[preview.tabler.io/tracking4965.html]
[preview.tabler.io/tracking6a08.html]
[preview.tabler.io/typography4965.html]
[preview.tabler.io/typography6a08.html]
[preview.tabler.io/form-elements4965.html]
[preview.tabler.io/form-elements6a08.html]
[preview.tabler.io/dist/libs/imask/dist/imask.min.js]
[preview.tabler.io/dist/libs/autosize/dist/autosize.min.js]
[preview.tabler.io/form-layout4965.html]
[preview.tabler.io/form-layout6a08.html]
[preview.tabler.io/activity4965.html]
[preview.tabler.io/activity6a08.html]
[preview.tabler.io/chat4965.html]
[preview.tabler.io/chat6a08.html]
[preview.tabler.io/email-inbox4965.html]
[preview.tabler.io/email-inbox6a08.html]
[preview.tabler.io/cookie-banner4965.html]
[preview.tabler.io/cookie-banner6a08.html]
[preview.tabler.io/empty4965.html]
[preview.tabler.io/empty6a08.html]
[preview.tabler.io/faq4965.html]
[preview.tabler.io/faq6a08.html]
[preview.tabler.io/gallery4965.html]
[preview.tabler.io/gallery6a08.html]
[preview.tabler.io/invoice4965.html]
[preview.tabler.io/invoice6a08.html]
[preview.tabler.io/job-listing4965.html]
[preview.tabler.io/job-listing6a08.html]
[preview.tabler.io/license4965.html]
[preview.tabler.io/license6a08.html]
[preview.tabler.io/logs4965.html]
[preview.tabler.io/logs6a08.html]
[preview.tabler.io/music4965.html]
[preview.tabler.io/music6a08.html]
[preview.tabler.io/static/logo-small.svg]
[preview.tabler.io/photogrid4965.html]
[preview.tabler.io/photogrid6a08.html]
[preview.tabler.io/dist/libs/fslightbox/index.js]
[preview.tabler.io/pricing4965.html]
[preview.tabler.io/pricing6a08.html]
[preview.tabler.io/pricing-table4965.html]
[preview.tabler.io/pricing-table6a08.html]
[preview.tabler.io/search-results4965.html]
[preview.tabler.io/search-results6a08.html]
[preview.tabler.io/settings-plan4965.html]
[preview.tabler.io/settings-plan6a08.html]
[preview.tabler.io/signatures4965.html]
[preview.tabler.io/signatures6a08.html]
[preview.tabler.io/error-407.html]
[preview.tabler.io/error-408.html]
[preview.tabler.io/tasks4965.html]
[preview.tabler.io/tasks6a08.html]
[preview.tabler.io/tasks-list4965.html]
[preview.tabler.io/tasks-list6a08.html]
[preview.tabler.io/text-features4965.html]
[preview.tabler.io/text-features6a08.html]
[preview.tabler.io/uptime4965.html]
[preview.tabler.io/uptime6a08.html]
[preview.tabler.io/users4965.html]
[preview.tabler.io/users6a08.html]
[preview.tabler.io/widgets4965.html]
[preview.tabler.io/widgets6a08.html]
[preview.tabler.io/layout-boxed4965.html]
[preview.tabler.io/layout-boxed6a08.html]
[preview.tabler.io/layout-condensed4965.html]
[preview.tabler.io/layout-condensed6a08.html]
[preview.tabler.io/layout-fluid4965.html]
[preview.tabler.io/layout-fluid6a08.html]
[preview.tabler.io/layout-fluid-vertical4965.html]
[preview.tabler.io/layout-fluid-vertical6a08.html]
[preview.tabler.io/layout-horizontal4965.html]
[preview.tabler.io/layout-horizontal6a08.html]
[preview.tabler.io/layout-navbar-dark4965.html]
[preview.tabler.io/layout-navbar-dark6a08.html]
[preview.tabler.io/layout-navbar-overlap4965.html]
[preview.tabler.io/layout-navbar-overlap6a08.html]
[preview.tabler.io/layout-navbar-sticky4965.html]
[preview.tabler.io/layout-navbar-sticky6a08.html]
[preview.tabler.io/layout-vertical-right4965.html]
[preview.tabler.io/layout-vertical-right6a08.html]
[preview.tabler.io/dist/css/tabler.rtl.css]
[preview.tabler.io/dist/css/tabler-flags.rtl.css]
[preview.tabler.io/dist/css/tabler-socials.rtl.css]
[preview.tabler.io/dist/css/tabler-payments.rtl.css]
[preview.tabler.io/dist/css/tabler-vendors.rtl.css]
[preview.tabler.io/dist/css/tabler-marketing.rtl.css]
[preview.tabler.io/dist/css/tabler-themes.rtl.css]
[preview.tabler.io/layout-rtl4965.html]
[preview.tabler.io/layout-rtl6a08.html]
[preview.tabler.io/layout-vertical4965.html]
[preview.tabler.io/layout-vertical6a08.html]
[preview.tabler.io/layout-vertical-transparent4965.html]
[preview.tabler.io/layout-vertical-transparent6a08.html]
[preview.tabler.io/layout-folded4965.html]
[preview.tabler.io/layout-folded6a08.html]
[preview.tabler.io/layout-folded-hover4965.html]
[preview.tabler.io/layout-folded-hover6a08.html]
[preview.tabler.io/charts4965.html]
[preview.tabler.io/charts6a08.html]
[preview.tabler.io/charts-advanced4965.html]
[preview.tabler.io/charts-advanced6a08.html]
[preview.tabler.io/dist/libs/@melloware/coloris/dist/coloris.min.css]
[preview.tabler.io/colorpicker4965.html]
[preview.tabler.io/colorpicker6a08.html]
[preview.tabler.io/dist/libs/@melloware/coloris/dist/umd/coloris.min.js]
[preview.tabler.io/datatables4965.html]
[preview.tabler.io/datatables6a08.html]
[preview.tabler.io/dist/libs/dropzone/dist/dropzone.css]
[preview.tabler.io/dropzone4965.html]
[preview.tabler.io/dropzone6a08.html]
[preview.tabler.io/dist/libs/dropzone/dist/dropzone-min.js]
[preview.tabler.io/sortable4965.html]
[preview.tabler.io/sortable6a08.html]
[preview.tabler.io/dist/libs/sortablejs/Sortable.min.js]
[preview.tabler.io/fullcalendar4965.html]
[preview.tabler.io/fullcalendar6a08.html]
[preview.tabler.io/dist/libs/fullcalendar/index.global.min.js]
[preview.tabler.io/dist/libs/plyr/dist/plyr.css]
[preview.tabler.io/inline-player4965.html]
[preview.tabler.io/inline-player6a08.html]
[preview.tabler.io/dist/libs/plyr/dist/plyr.min.js]
[preview.tabler.io/lightbox4965.html]
[preview.tabler.io/lightbox6a08.html]
[preview.tabler.io/maps4965.html]
[preview.tabler.io/maps6a08.html]
[preview.tabler.io/map-fullsize4965.html]
[preview.tabler.io/map-fullsize6a08.html]
[preview.tabler.io/maps-vector4965.html]
[preview.tabler.io/maps-vector6a08.html]
[preview.tabler.io/dist/libs/driver.js/dist/driver.css]
[preview.tabler.io/tour4965.html]
[preview.tabler.io/tour6a08.html]
[preview.tabler.io/dist/libs/driver.js/dist/driver.js.iife.js]
[preview.tabler.io/wysiwyg4965.html]
[preview.tabler.io/wysiwyg6a08.html]
[preview.tabler.io/icons4965.html]
[preview.tabler.io/icons6a08.html]
[preview.tabler.io/emails4965.html]
[preview.tabler.io/emails6a08.html]
[preview.tabler.io/flags4965.html]
[preview.tabler.io/flags6a08.html]
[preview.tabler.io/illustrations4965.html]
[preview.tabler.io/illustrations6a08.html]
[preview.tabler.io/payment-providers4965.html]
[preview.tabler.io/payment-providers6a08.html]
[preview.tabler.io/dist/libs/star-rating.js/img/error-404.html]
[preview.tabler.io/dist/libs/star-rating.js/img/error-405.html]
[preview.tabler.io/edge/index.html]
[preview.tabler.io/mobile/index.html]
[preview.tabler.io/image/index.html]
[preview.tabler.io/src/utils/error-404.html]
[preview.tabler.io/src/utils/error-405.html]
[preview.tabler.io/src/utils/error-406.html]
[preview.tabler.io/src/utils/error-407.html]
[preview.tabler.io/src/utils/error-408.html]
[preview.tabler.io/src/utils/error-409.html]
[preview.tabler.io/node_modules/string-natural-compare/error-404.html]
[preview.tabler.io/src/utils/error-410.html]
[preview.tabler.io/src/utils/error-411.html]
[preview.tabler.io/src/utils/error-412.html]
[preview.tabler.io/src/error-404.html]
[preview.tabler.io/src/error-405.html]
[preview.tabler.io/src/error-406.html]
[preview.tabler.io/src/error-407.html]
[preview.tabler.io/src/error-408.html]
[preview.tabler.io/src/error-409.html]
[preview.tabler.io/src/error-410.html]
[preview.tabler.io/src/error-411.html]
[preview.tabler.io/src/error-412.html]
[preview.tabler.io/src/error-413.html]
